     1 00000000                                 [FORMAT "WCOFF"]
     2 00000000                                 [INSTRSET "i486p"]
     3 00000000                                 [OPTIMIZE 1]
     4 00000000                                 [OPTION 1]
     5 00000000                                 [BITS 32]
     6 00000000                                 	EXTERN	_mmio
     7 00000000                                 	EXTERN	_sprintf
     8 00000000                                 	EXTERN	_putfonts8_asc
     9 00000000                                 [FILE "h_audio.c"]
    10                                          [SECTION .data]
    11 00000000                                 	ALIGNB	4
    12 00000000                                 _mmio:
    13 00000000 FEBF0000                        	DD	-21037056
    14                                          [SECTION .text]
    15 00000000                                 	GLOBAL	_init_corb
    16 00000000                                 _init_corb:
    17 00000000 8B 15 [00000000]                	MOV	EDX,DWORD [_mmio]
    18 00000006 55                              	PUSH	EBP
    19 00000007 89 E5                           	MOV	EBP,ESP
    20 00000009 8A 42 4C                        	MOV	AL,BYTE [76+EDX]
    21 0000000C 83 C8 FD                        	OR	EAX,-3
    22 0000000F 88 42 4C                        	MOV	BYTE [76+EDX],AL
    23 00000012 8B 15 [00000000]                	MOV	EDX,DWORD [_mmio]
    24 00000018 66 C7 42 48 0000                	MOV	WORD [72+EDX],0
    25 0000001E 66 8B 42 4A                     	MOV	AX,WORD [74+EDX]
    26 00000022 66 25 8000                      	AND	AX,-32768
    27 00000026 66 89 42 4A                     	MOV	WORD [74+EDX],AX
    28 0000002A 66 C7 42 4A 0000                	MOV	WORD [74+EDX],0
    29 00000030 8A 42 4C                        	MOV	AL,BYTE [76+EDX]
    30 00000033 83 C8 02                        	OR	EAX,2
    31 00000036 88 42 4C                        	MOV	BYTE [76+EDX],AL
    32 00000039 5D                              	POP	EBP
    33 0000003A C3                              	RET
    34 0000003B                                 	GLOBAL	_init_rirb
    35 0000003B                                 _init_rirb:
    36 0000003B 8B 15 [00000000]                	MOV	EDX,DWORD [_mmio]
    37 00000041 55                              	PUSH	EBP
    38 00000042 89 E5                           	MOV	EBP,ESP
    39 00000044 8A 42 5C                        	MOV	AL,BYTE [92+EDX]
    40 00000047 83 C8 FD                        	OR	EAX,-3
    41 0000004A 88 42 5C                        	MOV	BYTE [92+EDX],AL
    42 0000004D 8B 15 [00000000]                	MOV	EDX,DWORD [_mmio]
    43 00000053 66 8B 42 58                     	MOV	AX,WORD [88+EDX]
    44 00000057 66 25 8000                      	AND	AX,-32768
    45 0000005B 66 89 42 58                     	MOV	WORD [88+EDX],AX
    46 0000005F 8A 42 5C                        	MOV	AL,BYTE [92+EDX]
    47 00000062 83 C8 02                        	OR	EAX,2
    48 00000065 88 42 5C                        	MOV	BYTE [92+EDX],AL
    49 00000068 8B 15 [00000000]                	MOV	EDX,DWORD [_mmio]
    50 0000006E 8A 42 5C                        	MOV	AL,BYTE [92+EDX]
    51 00000071 83 C8 01                        	OR	EAX,1
    52 00000074 88 42 5C                        	MOV	BYTE [92+EDX],AL
    53 00000077 5D                              	POP	EBP
    54 00000078 C3                              	RET
    55                                          [SECTION .data]
    56 00000004                                 LC0:
    57 00000004 67 63 61 70 3A 20 25 78 00      	DB	"gcap: %x",0x00
    58 0000000D                                 LC1:
    59 0000000D 43 4F 52 42 53 49 5A 45 3A 20   	DB	"CORBSIZE: %x",0x00
       00000017 25 78 00 
    60 0000001A                                 LC2:
    61 0000001A 52 49 52 42 53 49 5A 45 3A 20   	DB	"RIRBSIZE: %x",0x00
       00000024 25 78 00 
    62                                          [SECTION .text]
    63 00000079                                 	GLOBAL	_hdaudio_test
    64 00000079                                 _hdaudio_test:
    65 00000079 55                              	PUSH	EBP
    66 0000007A 89 E5                           	MOV	EBP,ESP
    67 0000007C 56                              	PUSH	ESI
    68 0000007D 53                              	PUSH	EBX
    69 0000007E 83 C4 80                        	ADD	ESP,-128
    70 00000081 8D 9D FFFFFF78                  	LEA	EBX,DWORD [-136+EBP]
    71 00000087 A1 [00000000]                   	MOV	EAX,DWORD [_mmio]
    72 0000008C 8B 75 08                        	MOV	ESI,DWORD [8+EBP]
    73 0000008F 66 8B 10                        	MOV	DX,WORD [EAX]
    74 00000092 66 8B 10                        	MOV	DX,WORD [EAX]
    75 00000095 66 8B 00                        	MOV	AX,WORD [EAX]
    76 00000098 0F B7 C0                        	MOVZX	EAX,AX
    77 0000009B 50                              	PUSH	EAX
    78 0000009C 68 [00000004]                   	PUSH	LC0
    79 000000A1 53                              	PUSH	EBX
    80 000000A2 E8 [00000000]                   	CALL	_sprintf
    81 000000A7 53                              	PUSH	EBX
    82 000000A8 6A 07                           	PUSH	7
    83 000000AA 68 00000140                     	PUSH	320
    84 000000AF 6A 64                           	PUSH	100
    85 000000B1 0F BF 46 04                     	MOVSX	EAX,WORD [4+ESI]
    86 000000B5 50                              	PUSH	EAX
    87 000000B6 FF 76 08                        	PUSH	DWORD [8+ESI]
    88 000000B9 E8 [00000000]                   	CALL	_putfonts8_asc
    89 000000BE A1 [00000000]                   	MOV	EAX,DWORD [_mmio]
    90 000000C3 83 C4 24                        	ADD	ESP,36
    91 000000C6 8A 40 4E                        	MOV	AL,BYTE [78+EAX]
    92 000000C9 0F B6 C0                        	MOVZX	EAX,AL
    93 000000CC 50                              	PUSH	EAX
    94 000000CD 68 [0000000D]                   	PUSH	LC1
    95 000000D2 53                              	PUSH	EBX
    96 000000D3 E8 [00000000]                   	CALL	_sprintf
    97 000000D8 53                              	PUSH	EBX
    98 000000D9 6A 07                           	PUSH	7
    99 000000DB 68 00000154                     	PUSH	340
   100 000000E0 6A 64                           	PUSH	100
   101 000000E2 0F BF 46 04                     	MOVSX	EAX,WORD [4+ESI]
   102 000000E6 50                              	PUSH	EAX
   103 000000E7 FF 76 08                        	PUSH	DWORD [8+ESI]
   104 000000EA E8 [00000000]                   	CALL	_putfonts8_asc
   105 000000EF A1 [00000000]                   	MOV	EAX,DWORD [_mmio]
   106 000000F4 83 C4 24                        	ADD	ESP,36
   107 000000F7 8A 40 5E                        	MOV	AL,BYTE [94+EAX]
   108 000000FA 0F B6 C0                        	MOVZX	EAX,AL
   109 000000FD 50                              	PUSH	EAX
   110 000000FE 68 [0000001A]                   	PUSH	LC2
   111 00000103 53                              	PUSH	EBX
   112 00000104 E8 [00000000]                   	CALL	_sprintf
   113 00000109 53                              	PUSH	EBX
   114 0000010A 6A 07                           	PUSH	7
   115 0000010C 68 00000168                     	PUSH	360
   116 00000111 6A 64                           	PUSH	100
   117 00000113 0F BF 46 04                     	MOVSX	EAX,WORD [4+ESI]
   118 00000117 50                              	PUSH	EAX
   119 00000118 FF 76 08                        	PUSH	DWORD [8+ESI]
   120 0000011B E8 [00000000]                   	CALL	_putfonts8_asc
   121 00000120 8D 65 F8                        	LEA	ESP,DWORD [-8+EBP]
   122 00000123 5B                              	POP	EBX
   123 00000124 5E                              	POP	ESI
   124 00000125 5D                              	POP	EBP
   125 00000126 C3                              	RET
