     1 00000000                                 [FORMAT "WCOFF"]
     2 00000000                                 [INSTRSET "i486p"]
     3 00000000                                 [OPTIMIZE 1]
     4 00000000                                 [OPTION 1]
     5 00000000                                 [BITS 32]
     6 00000000                                 	EXTERN	_mmio
     7 00000000                                 	EXTERN	_sprintf
     8 00000000                                 	EXTERN	_putfonts8_asc
     9 00000000                                 [FILE "h_audio.c"]
    10                                          [SECTION .data]
    11 00000000                                 	ALIGNB	4
    12 00000000                                 _mmio:
    13 00000000 FEBF0000                        	DD	-21037056
    14 00000004                                 LC0:
    15 00000004 67 63 61 70 3A 20 25 78 00      	DB	"gcap: %x",0x00
    16                                          [SECTION .text]
    17 00000000                                 	GLOBAL	_hdaudio_test
    18 00000000                                 _hdaudio_test:
    19 00000000 55                              	PUSH	EBP
    20 00000001 89 E5                           	MOV	EBP,ESP
    21 00000003 56                              	PUSH	ESI
    22 00000004 53                              	PUSH	EBX
    23 00000005 83 C4 80                        	ADD	ESP,-128
    24 00000008 8D 9D FFFFFF78                  	LEA	EBX,DWORD [-136+EBP]
    25 0000000E A1 [00000000]                   	MOV	EAX,DWORD [_mmio]
    26 00000013 8B 75 08                        	MOV	ESI,DWORD [8+EBP]
    27 00000016 66 8B 10                        	MOV	DX,WORD [EAX]
    28 00000019 66 8B 10                        	MOV	DX,WORD [EAX]
    29 0000001C 66 8B 00                        	MOV	AX,WORD [EAX]
    30 0000001F 0F B7 C0                        	MOVZX	EAX,AX
    31 00000022 50                              	PUSH	EAX
    32 00000023 68 [00000004]                   	PUSH	LC0
    33 00000028 53                              	PUSH	EBX
    34 00000029 E8 [00000000]                   	CALL	_sprintf
    35 0000002E 53                              	PUSH	EBX
    36 0000002F 6A 07                           	PUSH	7
    37 00000031 68 00000140                     	PUSH	320
    38 00000036 6A 64                           	PUSH	100
    39 00000038 0F BF 46 04                     	MOVSX	EAX,WORD [4+ESI]
    40 0000003C 50                              	PUSH	EAX
    41 0000003D FF 76 08                        	PUSH	DWORD [8+ESI]
    42 00000040 E8 [00000000]                   	CALL	_putfonts8_asc
    43 00000045 8D 65 F8                        	LEA	ESP,DWORD [-8+EBP]
    44 00000048 5B                              	POP	EBX
    45 00000049 5E                              	POP	ESI
    46 0000004A 5D                              	POP	EBP
    47 0000004B C3                              	RET
